default,block.note_block.harp,1,66
4,block.note_block.pling,1,66
5,block.note_block.pling,1,66
6,block.note_block.chime,1,90
7,block.note_block.chime,1,90
8,block.note_block.pling,1,66
9,block.note_block.bell,1,90
10,block.note_block.bell,1,90
11,block.note_block.xylophone,1,90
12,block.note_block.xylophone,1,90
13,block.note_block.xylophone,1,90
14,block.note_block.chime,1,90
15,block.note_block.guitar,1,54
16,block.note_block.pling,1,66
17,block.note_block.pling,1,66
18,block.note_block.pling,1,66
19,block.note_block.chime,1,90
20,block.note_block.flute,1,78
21,block.note_block.flute,1,78
22,block.note_block.flute,1,78
23,block.note_block.flute,1,78
24,block.note_block.guitar,1,54
25,block.note_block.guitar,1,54
26,block.note_block.guitar,1,54
27,block.note_block.guitar,1,54
28,block.note_block.pling,1,66
29,block.note_block.flute,1,78
30,block.note_block.flute,1,78
31,block.note_block.flute,1,78
32,block.note_block.bass,1,42
33,block.note_block.bass,1,42
34,block.note_block.bass,1,42
35,block.note_block.bass,1,42
36,block.note_block.bass,1,42
37,block.note_block.bass,1,42
38,block.note_block.flute,1,78
39,block.note_block.flute,1,78
40,block.note_block.pling,1,66
41,block.note_block.pling,1,66
42,block.note_block.pling,1,66
43,block.note_block.pling,1,66
47,block.note_block.snare,1,
72,block.note_block.flute,1,78
73,block.note_block.flute,1,78
74,block.note_block.flute,1,78
75,block.note_block.flute,1,78
76,block.note_block.flute,1,78
77,block.note_block.flute,1,78
78,block.note_block.flute,1,78
79,block.note_block.flute,1,78
80,block.note_block.bit,1,66
81,block.note_block.bit,1,66
82,block.note_block.flute,1,78
83,block.note_block.flute,1,78
104,block.note_block.chime,1,90
105,block.note_block.banjo,1,66
106,block.note_block.iron_xylophone,1,66
107,block.note_block.iron_xylophone,1,66
108,block.note_block.iron_xylophone,1,66
109,block.note_block.flute,1,78
110,block.note_block.flute,1,78
111,block.note_block.flute,1,78
112,block.note_block.bell,0.75,
113,block.note_block.bell,0.75,
114,block.note_block.pling,1,66
115,block.note_block.hat,1,
116,block.note_block.basedrum,1,
117,block.note_block.basedrum,1,
118,block.note_block.basedrum,1,
119,block.note_block.snare,1,
120,block.ender_chest.close,1,
121,block.note_block.snare,0.2,
122,weather.rain.above,1,
123,entity.parrot.ambient,1,
124,block.note_block.bell,1,90
125,entity.zombie_villager.converted,1,
126,weather.rain.above,1,
127,entity.lightning_bolt.impact,1,
